\BOOKMARK [1][-]{Doc-Start}{\376\377\000R\000e\000s\000u\000m\000e\000n}{}% 1
\BOOKMARK [1][-]{section.1}{\376\377\000I\000n\000t\000r\000o\000d\000u\000c\000c\000i\000\363\000n}{}% 2
\BOOKMARK [2][-]{subsection.1.1}{\376\377\000C\000o\000n\000t\000e\000x\000t\000o\000\040\000d\000e\000l\000\040\000s\000i\000s\000t\000e\000m\000a}{section.1}% 3
\BOOKMARK [2][-]{subsection.1.2}{\376\377\000A\000p\000l\000i\000c\000a\000c\000i\000\363\000n}{section.1}% 4
\BOOKMARK [2][-]{subsection.1.3}{\376\377\000O\000b\000j\000e\000t\000i\000v\000o\000\040\000d\000e\000l\000\040\000t\000r\000a\000b\000a\000j\000o}{section.1}% 5
\BOOKMARK [2][-]{subsection.1.4}{\376\377\000A\000l\000c\000a\000n\000c\000e}{section.1}% 6
\BOOKMARK [1][-]{section.2}{\376\377\000D\000e\000s\000c\000r\000i\000p\000c\000i\000\363\000n\000\040\000d\000e\000l\000\040\000s\000i\000s\000t\000e\000m\000a\000\040\000o\000r\000i\000g\000i\000n\000a\000l}{}% 7
\BOOKMARK [2][-]{subsection.2.1}{\376\377\000A\000r\000q\000u\000i\000t\000e\000c\000t\000u\000r\000a\000\040\000g\000e\000n\000e\000r\000a\000l}{section.2}% 8
\BOOKMARK [2][-]{subsection.2.2}{\376\377\000F\000u\000n\000c\000i\000o\000n\000a\000m\000i\000e\000n\000t\000o}{section.2}% 9
\BOOKMARK [3][-]{subsubsection.2.2.1}{\376\377\000G\000e\000n\000e\000r\000a\000c\000i\000\363\000n\000\040\000d\000e\000\040\000f\000r\000e\000c\000u\000e\000n\000c\000i\000a}{subsection.2.2}% 10
\BOOKMARK [3][-]{subsubsection.2.2.2}{\376\377\000C\000o\000n\000t\000r\000o\000l\000\040\000e\000\040\000i\000n\000t\000e\000r\000f\000a\000z}{subsection.2.2}% 11
\BOOKMARK [3][-]{subsubsection.2.2.3}{\376\377\000R\000a\000n\000g\000o\000\040\000d\000e\000\040\000s\000a\000l\000i\000d\000a\000\040\000R\000F}{subsection.2.2}% 12
\BOOKMARK [2][-]{subsection.2.3}{\376\377\000L\000i\000m\000i\000t\000a\000c\000i\000o\000n\000e\000s\000\040\000d\000e\000t\000e\000c\000t\000a\000d\000a\000s}{section.2}% 13
\BOOKMARK [1][-]{section.3}{\376\377\000D\000i\000a\000g\000n\000\363\000s\000t\000i\000c\000o\000\040\000y\000\040\000f\000a\000l\000l\000a}{}% 14
\BOOKMARK [2][-]{subsection.3.1}{\376\377\000A\000n\000\341\000l\000i\000s\000i\000s\000\040\000i\000n\000i\000c\000i\000a\000l\000\040\000e\000\040\000i\000m\000p\000l\000e\000m\000e\000n\000t\000a\000c\000i\000\363\000n\000\040\000d\000e\000\040\000h\000a\000r\000d\000w\000a\000r\000e\000\040\000d\000e\000\040\000p\000r\000u\000e\000b\000a}{section.3}% 15
\BOOKMARK [2][-]{subsection.3.2}{\376\377\000D\000e\000s\000a\000r\000r\000o\000l\000l\000o\000\040\000d\000e\000\040\000f\000i\000r\000m\000w\000a\000r\000e}{section.3}% 16
\BOOKMARK [2][-]{subsection.3.3}{\376\377\000F\000a\000l\000l\000a\000\040\000p\000r\000i\000n\000c\000i\000p\000a\000l\000:\000\040\000d\000a\000\361\000o\000\040\000e\000n\000\040\000e\000l\000\040\000V\000C\000O}{section.3}% 17
\BOOKMARK [3][-]{subsubsection.3.3.1}{\376\377\000S\000\355\000n\000t\000o\000m\000a\000s\000\040\000o\000b\000s\000e\000r\000v\000a\000d\000o\000s}{subsection.3.3}% 18
\BOOKMARK [3][-]{subsubsection.3.3.2}{\376\377\000D\000i\000a\000g\000n\000\363\000s\000t\000i\000c\000o\000\040\000c\000o\000n\000c\000l\000u\000s\000i\000v\000o}{subsection.3.3}% 19
\BOOKMARK [2][-]{subsection.3.4}{\376\377\000R\000e\000e\000m\000p\000l\000a\000z\000o\000\040\000d\000e\000l\000\040\000V\000C\000O\000\040\000\050\000e\000n\000c\000a\000p\000s\000u\000l\000a\000d\000o\000\040\000Q\000F\000N\000\051}{section.3}% 20
\BOOKMARK [2][-]{subsection.3.5}{\376\377\000P\000r\000o\000b\000l\000e\000m\000a\000s\000\040\000d\000e\000\040\000a\000l\000i\000m\000e\000n\000t\000a\000c\000i\000\363\000n\000\040\000y\000\040\000r\000e\000e\000s\000t\000r\000u\000c\000t\000u\000r\000a\000c\000i\000\363\000n}{section.3}% 21
\BOOKMARK [2][-]{subsection.3.6}{\376\377\000F\000a\000l\000l\000a\000\040\000y\000\040\000o\000b\000s\000o\000l\000e\000s\000c\000e\000n\000c\000i\000a\000\040\000d\000e\000f\000i\000n\000i\000t\000i\000v\000a\000\040\000d\000e\000l\000\040\000h\000a\000r\000d\000w\000a\000r\000e\000\040\000h\000e\000r\000e\000d\000a\000d\000o}{section.3}% 22
\BOOKMARK [1][-]{section.4}{\376\377\000R\000e\000d\000i\000s\000e\000\361\000o\000\040\000d\000e\000l\000\040\000s\000i\000s\000t\000e\000m\000a}{}% 23
\BOOKMARK [2][-]{subsection.4.1}{\376\377\000M\000o\000t\000i\000v\000a\000c\000i\000o\000n\000e\000s}{section.4}% 24
\BOOKMARK [2][-]{subsection.4.2}{\376\377\000C\000a\000m\000b\000i\000o\000s\000\040\000p\000r\000i\000n\000c\000i\000p\000a\000l\000e\000s\000\040\000r\000e\000s\000p\000e\000c\000t\000o\000\040\000a\000l\000\040\000d\000i\000s\000e\000\361\000o\000\040\000o\000r\000i\000g\000i\000n\000a\000l}{section.4}% 25
\BOOKMARK [2][-]{subsection.4.3}{\376\377\000C\000a\000m\000b\000i\000o\000\040\000d\000e\000\040\000p\000l\000a\000t\000a\000f\000o\000r\000m\000a\000\040\000d\000e\000\040\000c\000o\000n\000t\000r\000o\000l}{section.4}% 26
\BOOKMARK [3][-]{subsubsection.4.3.1}{\376\377\000S\000i\000s\000t\000e\000m\000a\000\040\000o\000r\000i\000g\000i\000n\000a\000l\000:\000\040\000P\000I\000C\0001\0006\000F\0008\0007\0003\000A}{subsection.4.3}% 27
\BOOKMARK [3][-]{subsubsection.4.3.2}{\376\377\000S\000i\000s\000t\000e\000m\000a\000\040\000r\000e\000d\000i\000s\000e\000\361\000a\000d\000o\000:\000\040\000E\000S\000P\0003\0002}{subsection.4.3}% 28
\BOOKMARK [3][-]{subsubsection.4.3.3}{\376\377\000J\000u\000s\000t\000i\000f\000i\000c\000a\000c\000i\000\363\000n\000\040\000d\000e\000\040\000l\000a\000\040\000d\000e\000c\000i\000s\000i\000\363\000n}{subsection.4.3}% 29
\BOOKMARK [2][-]{subsection.4.4}{\376\377\000D\000e\000c\000i\000s\000i\000o\000n\000e\000s\000\040\000d\000e\000\040\000d\000i\000s\000e\000\361\000o\000\040\000r\000e\000l\000e\000v\000a\000n\000t\000e\000s}{section.4}% 30
\BOOKMARK [1][-]{section.5}{\376\377\000I\000m\000p\000l\000e\000m\000e\000n\000t\000a\000c\000i\000\363\000n}{}% 31
\BOOKMARK [2][-]{subsection.5.1}{\376\377\000D\000i\000s\000e\000\361\000o\000\040\000d\000e\000\040\000P\000C\000B}{section.5}% 32
\BOOKMARK [3][-]{subsubsection.5.1.1}{\376\377\000C\000o\000n\000s\000i\000d\000e\000r\000a\000c\000i\000o\000n\000e\000s\000\040\000d\000e\000\040\000a\000l\000t\000a\000\040\000f\000r\000e\000c\000u\000e\000n\000c\000i\000a}{subsection.5.1}% 33
\BOOKMARK [2][-]{subsection.5.2}{\376\377\000M\000o\000n\000t\000a\000j\000e\000\040\000e\000\040\000i\000n\000t\000e\000g\000r\000a\000c\000i\000\363\000n}{section.5}% 34
\BOOKMARK [1][-]{section.6}{\376\377\000V\000a\000l\000i\000d\000a\000c\000i\000\363\000n\000\040\000f\000u\000n\000c\000i\000o\000n\000a\000l}{}% 35
\BOOKMARK [2][-]{subsection.6.1}{\376\377\000M\000e\000t\000o\000d\000o\000l\000o\000g\000\355\000a\000\040\000d\000e\000\040\000m\000e\000d\000i\000c\000i\000\363\000n}{section.6}% 36
\BOOKMARK [2][-]{subsection.6.2}{\376\377\000E\000n\000s\000a\000y\000o\000s\000\040\000r\000e\000a\000l\000i\000z\000a\000d\000o\000s}{section.6}% 37
\BOOKMARK [3][-]{subsubsection.6.2.1}{\376\377\000P\000r\000u\000e\000b\000a\000\040\000d\000e\000\040\000l\000\355\000m\000i\000t\000e\000s\000\040\000f\000\355\000s\000i\000c\000o\000s\000\040\000d\000e\000l\000\040\000V\000C\000O\000\040\000\050\000b\000o\000m\000b\000a\000\040\000d\000e\000\040\000c\000a\000r\000g\000a\000\051}{subsection.6.2}% 38
\BOOKMARK [3][-]{subsubsection.6.2.2}{\376\377\000V\000a\000l\000i\000d\000a\000c\000i\000\363\000n\000\040\000d\000e\000l\000\040\000e\000n\000c\000l\000a\000v\000a\000m\000i\000e\000n\000t\000o\000\040\000d\000e\000\040\000f\000r\000e\000c\000u\000e\000n\000c\000i\000a}{subsection.6.2}% 39
\BOOKMARK [3][-]{subsubsection.6.2.3}{\376\377\000B\000a\000r\000r\000i\000d\000o\000\040\000d\000e\000\040\000f\000r\000e\000c\000u\000e\000n\000c\000i\000a\000\040\000\050\000f\000r\000e\000q\000u\000e\000n\000c\000y\000\040\000s\000w\000e\000e\000p\000\051}{subsection.6.2}% 40
\BOOKMARK [2][-]{subsection.6.3}{\376\377\000R\000e\000s\000u\000l\000t\000a\000d\000o\000s}{section.6}% 41
\BOOKMARK [2][-]{subsection.6.4}{\376\377\000H\000a\000r\000d\000w\000a\000r\000e\000\040\000p\000r\000i\000n\000c\000i\000p\000a\000l\000\040\000y\000\040\000t\000r\000a\000n\000s\000m\000i\000s\000i\000\363\000n\000\040\000d\000e\000\040\000l\000a\000\040\000s\000e\000\361\000a\000l}{section.6}% 42
\BOOKMARK [2][-]{subsection.6.5}{\376\377\000M\000e\000d\000i\000c\000i\000o\000n\000e\000s\000\040\000a\000d\000i\000c\000i\000o\000n\000a\000l\000e\000s\000\040\000e\000n\000\040\000b\000a\000n\000c\000o\000\040\000c\000o\000n\000\040\000L\000N\000B}{section.6}% 43
\BOOKMARK [1][-]{section.7}{\376\377\000R\000e\000s\000u\000l\000t\000a\000d\000o\000s\000\040\000y\000\040\000c\000o\000n\000c\000l\000u\000s\000i\000o\000n\000e\000s}{}% 44
\BOOKMARK [2][-]{subsection.7.1}{\376\377\000L\000o\000g\000r\000o\000s\000\040\000o\000b\000t\000e\000n\000i\000d\000o\000s}{section.7}% 45
\BOOKMARK [2][-]{subsection.7.2}{\376\377\000L\000e\000c\000c\000i\000o\000n\000e\000s\000\040\000a\000p\000r\000e\000n\000d\000i\000d\000a\000s}{section.7}% 46
\BOOKMARK [1][-]{appendix.Alph1}{\376\377\000I\000n\000f\000o\000r\000m\000e\000\040\000d\000e\000\040\000a\000c\000t\000i\000v\000i\000d\000a\000d\000e\000s\000\040\000d\000e\000\040\000l\000a\000b\000o\000r\000a\000t\000o\000r\000i\000o\000\040\000\050\0002\0009\000/\0000\0008\000/\0002\0000\0002\0004\000\051}{}% 47
\BOOKMARK [1][-]{appendix.Alph2}{\376\377\000C\000o\000n\000f\000i\000g\000u\000r\000a\000c\000i\000\363\000n\000\040\000d\000e\000\040\000r\000e\000g\000i\000s\000t\000r\000o\000s\000\040\000d\000e\000l\000\040\000S\000P\0005\0007\0006\0009}{}% 48
\BOOKMARK [1][-]{appendix.Alph3}{\376\377\000M\000e\000d\000i\000c\000i\000o\000n\000e\000s\000\040\000a\000d\000i\000c\000i\000o\000n\000a\000l\000e\000s}{}% 49
\BOOKMARK [1][-]{figure.caption.18}{\376\377\000R\000e\000f\000e\000r\000e\000n\000c\000i\000a\000s}{}% 50
